00:000 00:000 OC: Boot failed - Invalid Parameter
00:031 00:031 OCB: StartImage failed - Invalid Parameter
15:695 15:664 AAPL: #[EB.H.IS|!] Err(0xE) <- RT.GV boot-signature 7C436110-AB2A-4BBB-A880-FE41995C9F82
15:726 00:030 AAPL: #[EB.H.IS|!] Err(0xE) <- RT.GV boot-image-key 7C436110-AB2A-4BBB-A880-FE41995C9F82
15:755 00:029 AAPL: #[EB|H:IS] 0
15:784 00:029 AAPL: #[EB|LOG:INIT] 2026-09-03T08:01:57
15:813 00:029 AAPL: #[EB|VERSION] <"bootbase.efi 583~5906 (Official), built 2026-07-31T21:37:08-0700">
15:842 00:029 AAPL: #[EB|BUILD] <"BUILD-INFO[402]:{"DisplayName":"bootbase.efi","DisplayVersion":"583~5906","RecordUuid":"7E0B5973-26C2-4455-85B4-B09B6801D59A","BuildTime":"2026-07-31T21:37:08-0700","ProjectName":"efiboot","ProductName":"bootbase.efi","SourceVersion":"583","BuildVersion":"5906","BuildConfiguration":"Release","BuildType":"Official","Compiler":"clang-2100.0.123.2","SdkVersion":"26.6","SdkBuild":"25G74","TargetArchitectures":"x86_64"}">
15:872 00:029 AAPL: #[EB.CFG.DEV|!] Err(0xE) <- RT.GV booter-strict-xmlparser 7C436110-AB2A-4BBB-A880-FE41995C9F82
15:901 00:029 AAPL: #[EB|CFG:DEV] r5 0x0 0x0
15:930 00:029 AAPL: #[EB|H:IS] 0
15:960 00:029 AAPL: #[EB|WL:MODE] 0
15:989 00:029 AAPL: #[EB|CFG:ARG] boot-save-log 0x0000000000000002 (0x0000000000000002 < 0xFFFFFFFFFFFFFFFF) default
16:018 00:029 AAPL: #[EB|CFG:ARG] wake-save-log 0x0000000000000002 (0x0000000000000002 < 0x0000000000000002) default
16:047 00:029 AAPL: #[EB|CFG:ARG] console       0x0000000000000001 (0x0000000000000001 < 0x0000000000000001) default
16:077 00:029 AAPL: #[EB|CFG:ARG] serial        0x0000000000000001 (0x0000000000000001 < 0x0000000000000000) default
16:107 00:029 AAPL: #[EB|CFG:ARG] preoslog      0x0000000000000001 (0x0000000000000001 < 0xFFFFFFFFFFFFFFFF) default
16:137 00:029 AAPL: #[EB|CFG:ARG] timestamps    0x0000000000000000 (0x0000000000000000 < 0xFFFFFFFFFFFFFFFF) default
16:166 00:029 AAPL: #[EB|CFG:ARG] log-level     0x0000000000000001 (0x0000000000000001 & 0x0000000000000021) default
16:196 00:029 AAPL: #[EB|CFG:ARG] breakpoint    0x0000000000000000 (0x0000000000000000 & 0x0000000000000000) default
16:226 00:029 AAPL: #[EB|CFG:ARG] kc-read-size  0x0000000000100000 (0x0000000000100000 < 0xFFFFFFFFFFFFFFFF) default
16:256 00:029 AAPL: #[EB|CFG:ARG] force-error   0x0000000000000000 (0x0000000000000000 & 0x0000000000000000) default
16:296 00:040 AAPL: #[EB|H:IS] 0
16:326 00:029 AAPL: #[EB|WL] 0 0 0x01 0x01   0 0x00
16:356 00:030 AAPL: #[EB|BRD:NV] Mac-7BA5B2D9E42DDD94
16:386 00:029 AAPL: #[EB|B:VAw]
16:416 00:029 AAPL: #[EB|B:IAw]
16:446 00:029 AAPL: #[EB|WL] 0 0 0x01 0x01   2 0x00
16:475 00:029 AAPL: #[EB.BST.IDT|+]
16:506 00:030 AAPL: #[EB.BST.IDT|-]
16:536 00:030 AAPL: #[EB|WL] 0 0 0x01 0x01   3 0x00
16:566 00:029 AAPL: #[EB|WL] 0 0 0x01 0x01   4 0x00
16:595 00:029 AAPL: #[EB|BRD:NV] Mac-7BA5B2D9E42DDD94
16:625 00:029 AAPL: #[EB|WL] 0 0 0x01 0x01   5 0x00
16:655 00:029 AAPL: #[EB.H.CHK|BM] 0x0000000000000000
16:685 00:029 AAPL: #[EB.H.LV|!] Err(0xE) <- RT.GV boot-signature 7C436110-AB2A-4BBB-A880-FE41995C9F82
16:715 00:029 AAPL: #[EB|WL] 0 0 0x01 0x01  23 0x0E
16:744 00:029 AAPL: #[EB.H.LV|!] Err(0xE) <- RT.GV boot-image-key 7C436110-AB2A-4BBB-A880-FE41995C9F82
16:774 00:029 AAPL: #[EB|WL] 0 0 0x01 0x01  24 0x0E
16:804 00:029 AAPL: #[EB.H.LV|!] Err(0xE) <- RT.GV boot-image 7C436110-AB2A-4BBB-A880-FE41995C9F82
16:834 00:029 AAPL: #[EB.H.LV|!] Err(0xE) <- RT.SV- boot-signature 7C436110-AB2A-4BBB-A880-FE41995C9F82
16:864 00:029 AAPL: #[EB.H.LV|!] Err(0xE) <- RT.SV- boot-image-key 7C436110-AB2A-4BBB-A880-FE41995C9F82
16:894 00:030 AAPL: #[EB.H.LV|!] Err(0xE) <- RT.SV- boot-image 7C436110-AB2A-4BBB-A880-FE41995C9F82
16:924 00:029 AAPL: #[EB|H:NOT]
16:954 00:030 AAPL: #[EB|SB:P] 0x0
16:987 00:032 AAPL: #[EB|LIMG:DP] Acpi(PNP0A03,0)/Pci(14|0)/Usb(1, 0)/HD(Part2,Sig8A28F1A0-C3A3-469D-B2DA-4F3C1D134B35)
17:017 00:030 AAPL: #[EB|LIMG:FP] \System\Library\CoreServices\boot.efi
17:046 00:029 AAPL: #[EB|LIMG:OPT] 
17:076 00:029 AAPL: #[EB|RPS] 0 0 0
17:108 00:031 AAPL: #[EB.OPT.LXF|F] <"\\System\\Library\\CoreServices\\com.apple.Boot.plist">
17:137 00:029 AAPL: #[EB.LD.LF|IN] 0 1 <"\\System\\Library\\CoreServices\\com.apple.Boot.plist"> <"0">
17:167 00:029 AAPL: #[EB.LD.OFS|OPEN!] Err(0xE) <"\\System\\Library\\CoreServices\\com.apple.Boot.plist">
17:197 00:029 AAPL: #[EB.OPT.LXF|LF!] Err(0xE)
17:226 00:029 AAPL: #[EB.OPT.LXF|F] <"Library\\Preferences\\SystemConfiguration\\com.apple.Boot.plist">
17:256 00:029 AAPL: #[EB.LD.LF|IN] 0 1 <"Library\\Preferences\\SystemConfiguration\\com.apple.Boot.plist"> <"0">
17:288 00:031 AAPL: #[EB|KF] <"root-dmg=file:///BaseSystem/BaseSystem.dmg">
17:317 00:028 AAPL: #[EB|MBA:CL] <"">
17:347 00:029 AAPL: #[EB|MBA:NV] <"-v keepsyms=1 debug=0x100 agdpmod=pikera e2000=0">
17:377 00:029 AAPL: #[EB|MBA:KF] <"root-dmg=file:///BaseSystem/BaseSystem.dmg">
17:406 00:029 AAPL: #[EB|MBA:OUT] <"-v keepsyms=1 debug=0x100 agdpmod=pikera e2000=0 root-dmg=file:///BaseSystem/BaseSystem.dmg">
17:437 00:030 AAPL: #[EB|LOG:VERBOSE] 2026-09-03T08:01:58
17:466 00:029 AAPL: #[EB|OPT:BM] 0x82
17:496 00:029 AAPL: #[EB.OPT.LXF|F] <"\\System\\Library\\CoreServices\\PlatformSupport.plist">
17:526 00:029 AAPL: #[EB.LD.LF|IN] 0 1 <"\\System\\Library\\CoreServices\\PlatformSupport.plist"> <"0">
17:558 00:031 AAPL: #[EB|WL] 0 0 0x01 0x01  48 0x0E
17:586 00:028 AAPL: 
17:616 00:029 AAPL: ***********************************************************
17:646 00:029 AAPL: This version of Mac OS X is not supported on this platform!
17:676 00:030 AAPL: ***********************************************************
17:706 00:029 AAPL: Reason: Mac-7BA5B2D9E42DDD94
17:736 00:029 AAPL: #[EB|STOP] 0x11
17:825 00:089 AAPL: #[EB|H:IS] 0
17:855 00:029 AAPL: #[EB.G.CS|-?] Ok(0)
17:932 00:076 AAPL: Displaying boot failure graphic for 10 seconds...
27:963 10:031 AAPL: #[EB|WL] 0 0 0x01 0x03  48 0x0E
28:000 00:036 AAPL: #[EB|EXIT]
28:056 00:056 AAPL: #[EB|LOG:EXIT] 2026-09-03T08:02:09
28:086 00:029 OC: Boot failed - Aborted
28:116 00:030 OCB: StartImage failed - Aborted
